17:19:59 **** Build of configuration Debug for project arduino_mailbox ****
make all 
'Building file: ../src/arduino_mailbox.c'
'Invoking: MicroBlaze gcc compiler'
mb-gcc -Wall -O0 -g3 -c -fmessage-length=0 -MT"src/arduino_mailbox.o" -I../../bsp_iop_arduino/iop_arduino_mb/include -mlittle-endian -mcpu=v9.5 -mxl-soft-mul -Wl,--no-relax -MMD -MP -MF"src/arduino_mailbox.d" -MT"src/arduino_mailbox.o" -o "src/arduino_mailbox.o" "../src/arduino_mailbox.c"
../src/arduino_mailbox.c: In function 'main':
../src/arduino_mailbox.c:111:46: warning: assignment makes integer from pointer without a cast [-Wint-conversion]
                 case 0 : *(u8 *)MAILBOX_ADDR = (u8 *) MAILBOX_DATA(i); break;
                                              ^
../src/arduino_mailbox.c:112:47: warning: assignment makes integer from pointer without a cast [-Wint-conversion]
                 case 1 : *(u16 *)MAILBOX_ADDR = (u16 *) MAILBOX_DATA(i); break;
                                               ^
../src/arduino_mailbox.c:114:47: warning: assignment makes integer from pointer without a cast [-Wint-conversion]
                 case 3 : *(u32 *)MAILBOX_ADDR = (u32 *)MAILBOX_DATA(i); break;
                                               ^
'Finished building: ../src/arduino_mailbox.c'
' '
'Building target: arduino_mailbox.elf'
'Invoking: MicroBlaze gcc linker'
mb-gcc -Wl,-T -Wl,../src/lscript.ld -L../../bsp_iop_arduino/iop_arduino_mb/lib -mlittle-endian -mcpu=v9.5 -mxl-soft-mul -Wl,--no-relax -o "arduino_mailbox.elf"  ./src/arduino_mailbox.o   -Wl,--start-group,-lxil,-lgcc,-lc,--end-group
'Finished building target: arduino_mailbox.elf'
' '
make --no-print-directory post-build
mb-objcopy -O binary mailbox.elf mailbox.bin
mb-objcopy: 'mailbox.elf': No such file
make[1]: [post-build] ´íÎó 1 (ºöÂÔ)
' '
'Invoking: MicroBlaze Print Size'
mb-size arduino_mailbox.elf  |tee "arduino_mailbox.elf.size"
   text	   data	    bss	    dec	    hex	filename
   7020	    412	   2232	   9664	   25c0	arduino_mailbox.elf
'Finished building: arduino_mailbox.elf.size'
' '

17:20:05 Build Finished (took 6s.328ms)

