17:18:57 **** Build of configuration Debug for project arduino_analog ****
make all 
'Building file: ../src/arduino_analog.c'
'Invoking: MicroBlaze gcc compiler'
mb-gcc -Wall -O0 -g3 -c -fmessage-length=0 -MT"src/arduino_analog.o" -I../../bsp_iop_arduino/iop_arduino_mb/include -mlittle-endian -mcpu=v9.6 -mxl-soft-mul -Wl,--no-relax -MMD -MP -MF"src/arduino_analog.d" -MT"src/arduino_analog.o" -o "src/arduino_analog.o" "../src/arduino_analog.c"
'Finished building: ../src/arduino_analog.c'
' '
'Building target: arduino_analog.elf'
'Invoking: MicroBlaze gcc linker'
mb-gcc -Wl,-T -Wl,../src/lscript.ld -L../../bsp_iop_arduino/iop_arduino_mb/lib -mlittle-endian -mcpu=v9.6 -mxl-soft-mul -Wl,--no-relax -o "arduino_analog.elf"  ./src/arduino_analog.o   -Wl,--start-group,-lxil,-lgcc,-lc,--end-group
'Finished building target: arduino_analog.elf'
' '
'Invoking: MicroBlaze Print Size'
mb-size arduino_analog.elf  |tee "arduino_analog.elf.size"
   text	   data	    bss	    dec	    hex	filename
  34448	    652	   3564	  38664	   9708	arduino_analog.elf
'Finished building: arduino_analog.elf.size'
' '

17:19:04 Build Finished (took 7s.325ms)

