17:19:29 **** Build of configuration Debug for project arduino_grove_haptic_motor ****
make all 
'Building file: ../src/arduino_grove_haptic_motor.c'
'Invoking: MicroBlaze gcc compiler'
mb-gcc -Wall -O1 -g3 -c -fmessage-length=0 -MT"src/arduino_grove_haptic_motor.o" -I../../bsp_iop_arduino/iop_arduino_mb/include -mlittle-endian -mcpu=v9.5 -mxl-soft-mul -Wl,--no-relax -MMD -MP -MF"src/arduino_grove_haptic_motor.d" -MT"src/arduino_grove_haptic_motor.o" -o "src/arduino_grove_haptic_motor.o" "../src/arduino_grove_haptic_motor.c"
'Finished building: ../src/arduino_grove_haptic_motor.c'
' '
'Building target: arduino_grove_haptic_motor.elf'
'Invoking: MicroBlaze gcc linker'
mb-gcc -Wl,-T -Wl,../src/lscript.ld -L../../bsp_iop_arduino/iop_arduino_mb/lib -mlittle-endian -mcpu=v9.5 -mxl-soft-mul -Wl,--no-relax -o "arduino_grove_haptic_motor.elf"  ./src/arduino_grove_haptic_motor.o   -Wl,--start-group,-lxil,-lgcc,-lc,--end-group
'Finished building target: arduino_grove_haptic_motor.elf'
' '
'Invoking: MicroBlaze Print Size'
mb-size arduino_grove_haptic_motor.elf  |tee "arduino_grove_haptic_motor.elf.size"
   text	   data	    bss	    dec	    hex	filename
  12412	    432	   3380	  16224	   3f60	arduino_grove_haptic_motor.elf
'Finished building: arduino_grove_haptic_motor.elf.size'
' '

17:19:33 Build Finished (took 4s.440ms)

