17:19:24 **** Build of configuration Debug for project arduino_grove_finger_hr ****
make all 
'Building file: ../src/arduino_grove_finger_hr.c'
'Invoking: MicroBlaze gcc compiler'
mb-gcc -Wall -O1 -g3 -c -fmessage-length=0 -MT"src/arduino_grove_finger_hr.o" -I../../bsp_iop_arduino/iop_arduino_mb/include -mlittle-endian -mcpu=v9.5 -mxl-soft-mul -Wl,--no-relax -MMD -MP -MF"src/arduino_grove_finger_hr.d" -MT"src/arduino_grove_finger_hr.o" -o "src/arduino_grove_finger_hr.o" "../src/arduino_grove_finger_hr.c"
'Finished building: ../src/arduino_grove_finger_hr.c'
' '
'Building target: arduino_grove_finger_hr.elf'
'Invoking: MicroBlaze gcc linker'
mb-gcc -Wl,-T -Wl,../src/lscript.ld -L../../bsp_iop_arduino/iop_arduino_mb/lib -mlittle-endian -mcpu=v9.5 -mxl-soft-mul -Wl,--no-relax -o "arduino_grove_finger_hr.elf"  ./src/arduino_grove_finger_hr.o   -Wl,--start-group,-lxil,-lgcc,-lc,--end-group
'Finished building target: arduino_grove_finger_hr.elf'
' '
'Invoking: MicroBlaze Print Size'
mb-size arduino_grove_finger_hr.elf  |tee "arduino_grove_finger_hr.elf.size"
   text	   data	    bss	    dec	    hex	filename
  18284	    520	   3636	  22440	   57a8	arduino_grove_finger_hr.elf
'Finished building: arduino_grove_finger_hr.elf.size'
' '

17:19:28 Build Finished (took 3s.649ms)

