17:19:12 **** Build of configuration Debug for project arduino_grove_buzzer ****
make all 
'Building file: ../src/arduino_grove_buzzer.c'
'Invoking: MicroBlaze gcc compiler'
mb-gcc -Wall -O0 -g3 -c -fmessage-length=0 -MT"src/arduino_grove_buzzer.o" -I../../bsp_iop_arduino/iop_arduino_mb/include -mlittle-endian -mcpu=v9.5 -mxl-soft-mul -Wl,--no-relax -MMD -MP -MF"src/arduino_grove_buzzer.d" -MT"src/arduino_grove_buzzer.o" -o "src/arduino_grove_buzzer.o" "../src/arduino_grove_buzzer.c"
'Finished building: ../src/arduino_grove_buzzer.c'
' '
'Building target: arduino_grove_buzzer.elf'
'Invoking: MicroBlaze gcc linker'
mb-gcc -Wl,-T -Wl,../src/lscript.ld -L../../bsp_iop_arduino/iop_arduino_mb/lib -mlittle-endian -mcpu=v9.5 -mxl-soft-mul -Wl,--no-relax -o "arduino_grove_buzzer.elf"  ./src/arduino_grove_buzzer.o   -Wl,--start-group,-lxil,-lgcc,-lc,--end-group
'Finished building target: arduino_grove_buzzer.elf'
' '
'Invoking: MicroBlaze Print Size'
mb-size arduino_grove_buzzer.elf  |tee "arduino_grove_buzzer.elf.size"
   text	   data	    bss	    dec	    hex	filename
  17768	    536	   3576	  21880	   5578	arduino_grove_buzzer.elf
'Finished building: arduino_grove_buzzer.elf.size'
' '

17:19:16 Build Finished (took 3s.916ms)

